00:00 +0: loading D:/Teepakorn-54850/non-work/promsell-pos-ce/test/core/di/di_graph_test.dart
00:00 +0: D:/Teepakorn-54850/non-work/promsell-pos-ce/test/core/di/di_graph_test.dart: DI Graph Smoke Test (setUpAll)
00:00 +0: D:/Teepakorn-54850/non-work/promsell-pos-ce/test/core/di/di_graph_test.dart: DI Graph Smoke Test all singletons resolve
00:00 +1: D:/Teepakorn-54850/non-work/promsell-pos-ce/test/core/di/di_graph_test.dart: DI Graph Smoke Test all use cases resolve
00:00 +2: D:/Teepakorn-54850/non-work/promsell-pos-ce/test/core/di/di_graph_test.dart: DI Graph Smoke Test all BLoCs / Cubits resolve
00:00 +3: D:/Teepakorn-54850/non-work/promsell-pos-ce/test/core/services/backup_encryption_service_test.dart: BackupEncryptionService encryptFile creates .enc file
00:00 +4: D:/Teepakorn-54850/non-work/promsell-pos-ce/test/core/services/backup_encryption_service_test.dart: BackupEncryptionService decryptFile restores original content
00:00 +5: D:/Teepakorn-54850/non-work/promsell-pos-ce/test/core/services/backup_encryption_service_test.dart: BackupEncryptionService wrong PIN fails to decrypt
00:00 +6: D:/Teepakorn-54850/non-work/promsell-pos-ce/test/core/services/backup_encryption_service_test.dart: BackupEncryptionService verifyPin returns true for correct PIN
00:00 +7: D:/Teepakorn-54850/non-work/promsell-pos-ce/test/core/services/backup_encryption_service_test.dart: BackupEncryptionService verifyPin returns false for wrong PIN
00:00 +8: D:/Teepakorn-54850/non-work/promsell-pos-ce/test/core/services/backup_encryption_service_test.dart: BackupEncryptionService encryptFile throws for non-existent source
00:00 +9: D:/Teepakorn-54850/non-work/promsell-pos-ce/test/core/services/backup_encryption_service_test.dart: BackupEncryptionService decryptFile throws for too-short file
00:00 +10: D:/Teepakorn-54850/non-work/promsell-pos-ce/test/core/services/receipt_pdf_service_test.dart: ReceiptPdfService VAT calculation receipt number used instead of sale id
00:00 +11: D:/Teepakorn-54850/non-work/promsell-pos-ce/test/core/services/receipt_pdf_service_test.dart: ReceiptPdfService VAT calculation document builds without error
00:00 +12: D:/Teepakorn-54850/non-work/promsell-pos-ce/test/core/services/receipt_pdf_service_test.dart: ReceiptPdfService VAT calculation shop info hidden when showShopInfoOnReceipt is false
00:00 +13: D:/Teepakorn-54850/non-work/promsell-pos-ce/test/core/services/receipt_pdf_service_test.dart: ReceiptPdfService VAT calculation receiptNote used as footer when not empty
00:00 +14: D:/Teepakorn-54850/non-work/promsell-pos-ce/test/core/services/receipt_pdf_service_test.dart: ReceiptPdfService VAT calculation calculateVat NONE returns null
00:00 +15: D:/Teepakorn-54850/non-work/promsell-pos-ce/test/core/services/receipt_pdf_service_test.dart: ReceiptPdfService VAT calculation calculateVat INCLUSIVE extracts VAT from total
00:00 +16: D:/Teepakorn-54850/non-work/promsell-pos-ce/test/core/services/receipt_pdf_service_test.dart: ReceiptPdfService VAT calculation calculateVat EXCLUSIVE adds VAT on top of total
00:00 +17: D:/Teepakorn-54850/non-work/promsell-pos-ce/test/core/services/receipt_pdf_service_test.dart: ReceiptPdfService VAT calculation calculateVat EXCLUSIVE with isTotalPreTax=false decomposes VAT from total
00:00 +18: D:/Teepakorn-54850/non-work/promsell-pos-ce/test/core/services/receipt_pdf_service_test.dart: ReceiptPdfService VAT calculation calculateVat INCLUSIVE with rounding produces exact 2-decimal values
00:00 +19: D:/Teepakorn-54850/non-work/promsell-pos-ce/test/core/utils/currency_formatter_test.dart: CurrencyFormatter format returns baht symbol with 2 decimals
00:00 +20: D:/Teepakorn-54850/non-work/promsell-pos-ce/test/core/utils/currency_formatter_test.dart: CurrencyFormatter formatNoDecimal returns baht symbol with 0 decimals
00:00 +21: D:/Teepakorn-54850/non-work/promsell-pos-ce/test/core/utils/currency_formatter_test.dart: CurrencyFormatter formatCompact returns M suffix for millions
00:00 +22: D:/Teepakorn-54850/non-work/promsell-pos-ce/test/core/utils/currency_formatter_test.dart: CurrencyFormatter formatCompact returns K suffix for thousands
00:00 +23: D:/Teepakorn-54850/non-work/promsell-pos-ce/test/core/utils/currency_formatter_test.dart: CurrencyFormatter formatCompact falls back to format for small amounts
00:00 +24: D:/Teepakorn-54850/non-work/promsell-pos-ce/test/core/utils/currency_formatter_test.dart: CurrencyFormatter format handles zero
00:00 +25: D:/Teepakorn-54850/non-work/promsell-pos-ce/test/core/utils/payment_method_helper_test.dart: normalizePaymentMethod normalizes Thai cash to "cash"
00:00 +26: D:/Teepakorn-54850/non-work/promsell-pos-ce/test/core/utils/payment_method_helper_test.dart: normalizePaymentMethod normalizes English cash to "cash"
00:00 +27: D:/Teepakorn-54850/non-work/promsell-pos-ce/test/core/utils/payment_method_helper_test.dart: normalizePaymentMethod normalizes Thai transfer to "transfer"
00:00 +28: D:/Teepakorn-54850/non-work/promsell-pos-ce/test/core/utils/payment_method_helper_test.dart: normalizePaymentMethod normalizes English transfer to "transfer"
00:00 +29: D:/Teepakorn-54850/non-work/promsell-pos-ce/test/core/utils/payment_method_helper_test.dart: normalizePaymentMethod normalizes Thai card to "card"
00:00 +30: D:/Teepakorn-54850/non-work/promsell-pos-ce/test/core/utils/payment_method_helper_test.dart: normalizePaymentMethod normalizes English card to "card"
00:00 +31: D:/Teepakorn-54850/non-work/promsell-pos-ce/test/core/utils/payment_method_helper_test.dart: normalizePaymentMethod returns unknown method as-is
00:01 +32: D:/Teepakorn-54850/non-work/promsell-pos-ce/test/core/widgets/receipt_preview_test.dart: ReceiptPreview thermal style renders without error
00:01 +33: D:/Teepakorn-54850/non-work/promsell-pos-ce/test/core/widgets/shared_ui_widgets_test.dart: MoneyText formats currency with two decimals
00:01 +34: D:/Teepakorn-54850/non-work/promsell-pos-ce/test/core/widgets/shared_ui_widgets_test.dart: MoneyText formats currency with two decimals
00:01 +35: D:/Teepakorn-54850/non-work/promsell-pos-ce/test/core/widgets/shared_ui_widgets_test.dart: MoneyText formats currency with two decimals
00:01 +36: D:/Teepakorn-54850/non-work/promsell-pos-ce/test/core/widgets/shared_ui_widgets_test.dart: MoneyText formats currency with two decimals
00:01 +37: D:/Teepakorn-54850/non-work/promsell-pos-ce/test/core/widgets/shared_ui_widgets_test.dart: MoneyText formats currency with two decimals
00:01 +38: D:/Teepakorn-54850/non-work/promsell-pos-ce/test/core/widgets/shared_ui_widgets_test.dart: MoneyText formats currency with two decimals
00:01 +39: D:/Teepakorn-54850/non-work/promsell-pos-ce/test/core/widgets/shared_ui_widgets_test.dart: MoneyText formats currency with two decimals
00:01 +40: D:/Teepakorn-54850/non-work/promsell-pos-ce/test/core/widgets/receipt_preview_test.dart: ReceiptPreview hides shop info when showShopInfoOnReceipt is false
00:01 +41: D:/Teepakorn-54850/non-work/promsell-pos-ce/test/core/widgets/shared_ui_widgets_test.dart: AppEmptyState renders title and optional message
00:01 +42: D:/Teepakorn-54850/non-work/promsell-pos-ce/test/core/widgets/receipt_preview_test.dart: ReceiptPreview shows Preview placeholder when receiptNumber is null
00:01 +43: D:/Teepakorn-54850/non-work/promsell-pos-ce/test/core/widgets/shared_ui_widgets_test.dart: AppEmptyState hides message in compact height
00:01 +44: D:/Teepakorn-54850/non-work/promsell-pos-ce/test/core/widgets/receipt_preview_test.dart: ReceiptPreview none style returns SizedBox.shrink
00:01 +45: D:/Teepakorn-54850/non-work/promsell-pos-ce/test/core/widgets/shared_ui_widgets_test.dart: AppEmptyState fits in very compact height
00:02 +46: D:/Teepakorn-54850/non-work/promsell-pos-ce/test/core/widgets/receipt_preview_test.dart: ReceiptPreview shows payment and received/change
00:02 +47: D:/Teepakorn-54850/non-work/promsell-pos-ce/test/features/daily_close/domain/entities/daily_close_test.dart: DailyClose equality works for identical values
00:02 +48: D:/Teepakorn-54850/non-work/promsell-pos-ce/test/features/daily_close/domain/entities/daily_close_test.dart: DailyClose equality fails for different values
00:02 +49: D:/Teepakorn-54850/non-work/promsell-pos-ce/test/features/daily_close/domain/entities/daily_close_test.dart: DailyClose isClosed returns true when closedAt is set
00:02 +50: D:/Teepakorn-54850/non-work/promsell-pos-ce/test/features/daily_close/domain/entities/daily_close_test.dart: DailyClose isClosed returns false when closedAt is null
00:02 +51: D:/Teepakorn-54850/non-work/promsell-pos-ce/test/features/daily_close/domain/entities/daily_close_test.dart: DailyClose copyWith updates values
00:02 +52: D:/Teepakorn-54850/non-work/promsell-pos-ce/test/features/daily_close/domain/usecases/close_day_test.dart: (setUpAll)
00:02 +52: D:/Teepakorn-54850/non-work/promsell-pos-ce/test/features/daily_close/domain/usecases/close_day_test.dart: CloseDay calculates expected cash and over/short correctly
00:02 +53: D:/Teepakorn-54850/non-work/promsell-pos-ce/test/features/daily_close/domain/usecases/close_day_test.dart: CloseDay handles 0 sales day
00:02 +54: D:/Teepakorn-54850/non-work/promsell-pos-ce/test/features/daily_close/domain/usecases/close_day_test.dart: CloseDay throws when day is already closed
00:02 +55: D:/Teepakorn-54850/non-work/promsell-pos-ce/test/features/daily_close/domain/usecases/close_day_test.dart: CloseDay separates voided sales from revenue
00:02 +56: D:/Teepakorn-54850/non-work/promsell-pos-ce/test/features/daily_close/domain/usecases/close_day_test.dart: (tearDownAll)
00:02 +56: D:/Teepakorn-54850/non-work/promsell-pos-ce/test/features/daily_close/domain/usecases/reopen_day_test.dart: (setUpAll)
00:02 +56: D:/Teepakorn-54850/non-work/promsell-pos-ce/test/features/daily_close/domain/usecases/reopen_day_test.dart: ReopenDay clears closedAt and resets cash fields
00:02 +57: D:/Teepakorn-54850/non-work/promsell-pos-ce/test/features/daily_close/domain/usecases/reopen_day_test.dart: ReopenDay throws when no record exists
00:02 +58: D:/Teepakorn-54850/non-work/promsell-pos-ce/test/features/daily_close/domain/usecases/reopen_day_test.dart: ReopenDay throws when day is not closed
00:02 +59: D:/Teepakorn-54850/non-work/promsell-pos-ce/test/features/daily_close/domain/usecases/reopen_day_test.dart: (tearDownAll)
00:03 +59: D:/Teepakorn-54850/non-work/promsell-pos-ce/test/features/daily_close/presentation/cubit/daily_close_cubit_test.dart: (setUpAll)
00:03 +59: D:/Teepakorn-54850/non-work/promsell-pos-ce/test/features/daily_close/presentation/cubit/daily_close_cubit_test.dart: DailyCloseCubit initial state is correct
00:03 +60: D:/Teepakorn-54850/non-work/promsell-pos-ce/test/features/daily_close/presentation/cubit/daily_close_cubit_test.dart: DailyCloseCubit loadDate emits ready when no existing close
00:03 +61: D:/Teepakorn-54850/non-work/promsell-pos-ce/test/features/daily_close/presentation/cubit/daily_close_cubit_test.dart: DailyCloseCubit loadDate emits closed when day is already closed
00:03 +62: D:/Teepakorn-54850/non-work/promsell-pos-ce/test/features/daily_close/presentation/cubit/daily_close_cubit_test.dart: DailyCloseCubit closeDay emits closing then closed on success
00:03 +63: D:/Teepakorn-54850/non-work/promsell-pos-ce/test/features/daily_close/presentation/cubit/daily_close_cubit_test.dart: DailyCloseCubit setCountedCash updates state
00:03 +64: D:/Teepakorn-54850/non-work/promsell-pos-ce/test/features/daily_close/presentation/cubit/daily_close_cubit_test.dart: (tearDownAll)
00:03 +64: D:/Teepakorn-54850/non-work/promsell-pos-ce/test/features/daily_close/presentation/widgets/daily_close_date_card_test.dart: DailyCloseDateCard renders formatted date and OPEN chip
00:03 +65: D:/Teepakorn-54850/non-work/promsell-pos-ce/test/features/daily_close/presentation/widgets/daily_close_read_only_row_test.dart: DailyCloseReadOnlyRow renders label and value
00:04 +66: D:/Teepakorn-54850/non-work/promsell-pos-ce/test/features/daily_close/presentation/widgets/daily_close_read_only_row_test.dart: DailyCloseReadOnlyRow renders label and value
00:04 +67: D:/Teepakorn-54850/non-work/promsell-pos-ce/test/features/daily_close/presentation/widgets/daily_close_reconciliation_card_test.dart: DailyCloseReconciliationCard renders reconciliation fields
00:04 +68: D:/Teepakorn-54850/non-work/promsell-pos-ce/test/features/daily_close/presentation/widgets/daily_close_summary_card_test.dart: DailyCloseSummaryCard renders summary card
00:04 +69: D:/Teepakorn-54850/non-work/promsell-pos-ce/test/features/daily_close/presentation/widgets/daily_close_summary_card_test.dart: DailyCloseSummaryCard renders summary card
00:04 +70: D:/Teepakorn-54850/non-work/promsell-pos-ce/test/features/daily_close/presentation/widgets/daily_close_summary_card_test.dart: DailyCloseSummaryCard renders summary card
00:04 +71: D:/Teepakorn-54850/non-work/promsell-pos-ce/test/features/daily_close/presentation/widgets/daily_close_summary_row_test.dart: DailyCloseSummaryRow renders label and value
00:04 +72: D:/Teepakorn-54850/non-work/promsell-pos-ce/test/features/daily_close/presentation/widgets/daily_close_summary_row_test.dart: DailyCloseSummaryRow renders label and value
00:04 +73: D:/Teepakorn-54850/non-work/promsell-pos-ce/test/features/history/domain/usecases/history_usecases_test.dart: GetSaleHistory delegates to repository.getSales
00:04 +74: D:/Teepakorn-54850/non-work/promsell-pos-ce/test/features/history/domain/usecases/history_usecases_test.dart: GetSaleHistory passes date range parameters
00:04 +75: D:/Teepakorn-54850/non-work/promsell-pos-ce/test/features/history/domain/usecases/history_usecases_test.dart: WatchSaleHistory delegates to repository.watchSales
00:05 +76: D:/Teepakorn-54850/non-work/promsell-pos-ce/test/features/history/presentation/bloc/history_bloc_test.dart: HistoryBloc initial state is HistoryState()
00:05 +77: D:/Teepakorn-54850/non-work/promsell-pos-ce/test/features/history/presentation/bloc/history_bloc_test.dart: HistoryBloc HistorySubscribed emits loading then success
00:05 +78: D:/Teepakorn-54850/non-work/promsell-pos-ce/test/features/history/presentation/bloc/history_bloc_test.dart: HistoryBloc HistoryDateRangeChanged restarts subscription with dates
00:05 +79: D:/Teepakorn-54850/non-work/promsell-pos-ce/test/features/inventory/data/services/inventory_log_service_test.dart: logSale creates a row with negative qtyChange and type SALE
00:05 +80: D:/Teepakorn-54850/non-work/promsell-pos-ce/test/features/history/presentation/bloc/history_bloc_test.dart: HistoryBloc stream error emits failure
00:05 +81: D:/Teepakorn-54850/non-work/promsell-pos-ce/test/features/inventory/data/services/inventory_log_service_test.dart: logVoidReversal creates a row with positive qtyChange and type VOID_REVERSAL
00:05 +82: D:/Teepakorn-54850/non-work/promsell-pos-ce/test/features/history/presentation/bloc/history_bloc_test.dart: HistoryBloc HistorySearchChanged updates searchQuery
00:05 +83: D:/Teepakorn-54850/non-work/promsell-pos-ce/test/features/inventory/data/services/inventory_log_service_test.dart: logAdjustment positive qtyChange creates ADJUSTMENT_IN
00:05 +84: D:/Teepakorn-54850/non-work/promsell-pos-ce/test/features/inventory/data/services/inventory_log_service_test.dart: logAdjustment positive qtyChange creates ADJUSTMENT_IN
00:05 +85: D:/Teepakorn-54850/non-work/promsell-pos-ce/test/features/history/presentation/bloc/history_bloc_test.dart: HistoryState.filteredSales filters by payment method
00:05 +86: D:/Teepakorn-54850/non-work/promsell-pos-ce/test/features/inventory/data/services/inventory_log_service_test.dart: logAdjustment negative qtyChange creates ADJUSTMENT_OUT
00:05 +87: D:/Teepakorn-54850/non-work/promsell-pos-ce/test/features/inventory/data/services/inventory_log_service_test.dart: logAdjustment negative qtyChange creates ADJUSTMENT_OUT
00:05 +88: D:/Teepakorn-54850/non-work/promsell-pos-ce/test/features/inventory/data/services/inventory_log_service_test.dart: logAdjustment negative qtyChange creates ADJUSTMENT_OUT
00:05 +89: D:/Teepakorn-54850/non-work/promsell-pos-ce/test/features/inventory/data/services/inventory_log_service_test.dart: logAdjustment zero qtyChange creates ADJUSTMENT_IN
00:05 +90: D:/Teepakorn-54850/non-work/promsell-pos-ce/test/features/inventory/data/services/inventory_log_service_test.dart: each log gets a unique ID
00:05 +91: D:/Teepakorn-54850/non-work/promsell-pos-ce/test/features/inventory/domain/entities/inventory_log_test.dart: InventoryLog supports value equality
00:05 +92: D:/Teepakorn-54850/non-work/promsell-pos-ce/test/features/inventory/domain/entities/inventory_log_test.dart: InventoryLog isPositive returns true for non-negative qtyChange
00:05 +93: D:/Teepakorn-54850/non-work/promsell-pos-ce/test/features/inventory/domain/entities/inventory_log_test.dart: InventoryLog isPositive returns false for negative qtyChange
00:05 +94: D:/Teepakorn-54850/non-work/promsell-pos-ce/test/features/inventory/domain/entities/inventory_log_test.dart: InventoryLog props contains all fields
00:05 +95: D:/Teepakorn-54850/non-work/promsell-pos-ce/test/features/inventory/domain/usecases/watch_inventory_logs_test.dart: WatchInventoryLogs delegates to repository.watchLogs without productId
00:05 +96: D:/Teepakorn-54850/non-work/promsell-pos-ce/test/features/inventory/domain/usecases/watch_inventory_logs_test.dart: WatchInventoryLogs delegates to repository.watchLogs with productId
00:06 +97: D:/Teepakorn-54850/non-work/promsell-pos-ce/test/features/inventory/presentation/cubit/inventory_log_cubit_test.dart: InventoryLogCubit initial state is initial
00:06 +98: D:/Teepakorn-54850/non-work/promsell-pos-ce/test/features/inventory/presentation/cubit/inventory_log_cubit_test.dart: InventoryLogCubit load emits loading then success
00:06 +99: D:/Teepakorn-54850/non-work/promsell-pos-ce/test/features/inventory/presentation/cubit/inventory_log_cubit_test.dart: InventoryLogCubit load with productId passes it through
00:06 +100: D:/Teepakorn-54850/non-work/promsell-pos-ce/test/features/inventory/presentation/cubit/inventory_log_cubit_test.dart: InventoryLogCubit load emits failure on stream error
00:06 +101: D:/Teepakorn-54850/non-work/promsell-pos-ce/test/features/onboarding/presentation/widgets/green_choice_chip_test.dart: GreenChoiceChip calls onSelected when tapped
00:07 +102: D:/Teepakorn-54850/non-work/promsell-pos-ce/test/features/onboarding/presentation/widgets/onboarding_hero_section_test.dart: OnboardingHeroSection renders with subtitle
00:07 +103: D:/Teepakorn-54850/non-work/promsell-pos-ce/test/features/onboarding/presentation/widgets/onboarding_hero_section_test.dart: OnboardingHeroSection renders with subtitle
00:07 +104: D:/Teepakorn-54850/non-work/promsell-pos-ce/test/features/onboarding/presentation/widgets/onboarding_section_test.dart: OnboardingSection renders title and child
00:07 +105: D:/Teepakorn-54850/non-work/promsell-pos-ce/test/features/onboarding/presentation/widgets/onboarding_sheet_option_test.dart: OnboardingSheetOption calls onTap when tapped
00:07 +106: D:/Teepakorn-54850/non-work/promsell-pos-ce/test/features/onboarding/presentation/widgets/onboarding_sheet_option_test.dart: OnboardingSheetOption calls onTap when tapped
00:07 +107: D:/Teepakorn-54850/non-work/promsell-pos-ce/test/features/onboarding/presentation/widgets/onboarding_sheet_option_test.dart: OnboardingSheetOption calls onTap when tapped
00:07 +108: D:/Teepakorn-54850/non-work/promsell-pos-ce/test/features/onboarding/presentation/widgets/onboarding_sheet_option_test.dart: OnboardingSheetOption calls onTap when tapped
00:07 +109: D:/Teepakorn-54850/non-work/promsell-pos-ce/test/features/onboarding/presentation/widgets/onboarding_sheet_option_test.dart: OnboardingSheetOption calls onTap when tapped
00:07 +110: D:/Teepakorn-54850/non-work/promsell-pos-ce/test/features/onboarding/presentation/widgets/onboarding_sheet_option_test.dart: OnboardingSheetOption calls onTap when tapped
00:07 +111: D:/Teepakorn-54850/non-work/promsell-pos-ce/test/features/onboarding/presentation/widgets/onboarding_sheet_option_test.dart: OnboardingSheetOption calls onTap when tapped
00:07 +112: D:/Teepakorn-54850/non-work/promsell-pos-ce/test/features/onboarding/presentation/widgets/onboarding_sheet_option_test.dart: OnboardingSheetOption calls onTap when tapped
00:07 +113: D:/Teepakorn-54850/non-work/promsell-pos-ce/test/features/onboarding/presentation/widgets/onboarding_sheet_option_test.dart: OnboardingSheetOption calls onTap when tapped
00:07 +114: D:/Teepakorn-54850/non-work/promsell-pos-ce/test/features/onboarding/presentation/widgets/onboarding_sheet_option_test.dart: OnboardingSheetOption calls onTap when tapped
00:07 +115: D:/Teepakorn-54850/non-work/promsell-pos-ce/test/features/onboarding/presentation/widgets/onboarding_sheet_option_test.dart: OnboardingSheetOption calls onTap when tapped
00:07 +116: D:/Teepakorn-54850/non-work/promsell-pos-ce/test/features/onboarding/presentation/widgets/onboarding_sheet_option_test.dart: OnboardingSheetOption calls onTap when tapped
00:07 +117: D:/Teepakorn-54850/non-work/promsell-pos-ce/test/features/onboarding/presentation/widgets/onboarding_sheet_option_test.dart: OnboardingSheetOption calls onTap when tapped
00:07 +118: D:/Teepakorn-54850/non-work/promsell-pos-ce/test/features/onboarding/presentation/widgets/onboarding_sheet_option_test.dart: OnboardingSheetOption calls onTap when tapped
00:07 +119: D:/Teepakorn-54850/non-work/promsell-pos-ce/test/features/onboarding/presentation/widgets/onboarding_sheet_option_test.dart: OnboardingSheetOption calls onTap when tapped
00:07 +120: D:/Teepakorn-54850/non-work/promsell-pos-ce/test/features/onboarding/presentation/widgets/onboarding_sheet_option_test.dart: OnboardingSheetOption renders label text
00:07 +121: D:/Teepakorn-54850/non-work/promsell-pos-ce/test/features/onboarding/presentation/widgets/onboarding_sheet_option_test.dart: OnboardingSheetOption shows check icon when selected
00:07 +122: D:/Teepakorn-54850/non-work/promsell-pos-ce/test/features/product/data/services/product_image_service_test.dart: deleteImage deletes existing file
00:07 +123: D:/Teepakorn-54850/non-work/promsell-pos-ce/test/features/product/data/services/product_image_service_test.dart: deleteImage no-op for null path
00:07 +124: D:/Teepakorn-54850/non-work/promsell-pos-ce/test/features/product/data/services/product_image_service_test.dart: deleteImage no-op for empty path
00:07 +125: D:/Teepakorn-54850/non-work/promsell-pos-ce/test/features/product/data/services/product_image_service_test.dart: deleteImages deletes both full and thumbnail
00:07 +126: D:/Teepakorn-54850/non-work/promsell-pos-ce/test/features/product/data/services/product_image_service_test.dart: deleteImages no-op when both paths are null
00:07 +127: D:/Teepakorn-54850/non-work/promsell-pos-ce/test/features/product/data/services/product_image_service_test.dart: deleteImages deletes only existing file when one is null
00:07 +128: D:/Teepakorn-54850/non-work/promsell-pos-ce/test/features/product/data/services/product_image_service_test.dart: generateThumbnail creates 200px thumbnail from image
00:08 +129: D:/Teepakorn-54850/non-work/promsell-pos-ce/test/features/product/data/services/product_image_service_test.dart: generateThumbnail returns existing thumbnail without recreating
00:08 +130: D:/Teepakorn-54850/non-work/promsell-pos-ce/test/features/product/data/services/product_image_service_test.dart: generateThumbnail returns null for empty path
00:08 +131: D:/Teepakorn-54850/non-work/promsell-pos-ce/test/features/product/data/services/product_image_service_test.dart: generateThumbnail returns null when source file does not exist
00:08 +132: D:/Teepakorn-54850/non-work/promsell-pos-ce/test/features/product/data/services/product_image_service_test.dart: pickFromGallery returns null when user cancels picker
00:08 +133: D:/Teepakorn-54850/non-work/promsell-pos-ce/test/features/product/domain/entities/product_test.dart: Product supports value equality
00:08 +134: D:/Teepakorn-54850/non-work/promsell-pos-ce/test/features/product/domain/entities/product_test.dart: Product isInStock returns true when stock > 0
00:08 +135: D:/Teepakorn-54850/non-work/promsell-pos-ce/test/features/product/domain/entities/product_test.dart: Product isInStock returns false when stock == 0
00:08 +136: D:/Teepakorn-54850/non-work/promsell-pos-ce/test/features/product/domain/entities/product_test.dart: Product copyWith returns a new Product with updated fields
00:08 +137: D:/Teepakorn-54850/non-work/promsell-pos-ce/test/features/product/domain/entities/product_test.dart: Product copyWith can set nullable fields to null
00:08 +138: D:/Teepakorn-54850/non-work/promsell-pos-ce/test/features/product/domain/entities/product_test.dart: Product props contains all fields
00:08 +139: D:/Teepakorn-54850/non-work/promsell-pos-ce/test/features/product/domain/usecases/product_usecases_test.dart: (setUpAll)
00:08 +139: D:/Teepakorn-54850/non-work/promsell-pos-ce/test/features/product/domain/usecases/product_usecases_test.dart: AddProduct delegates to repository.addProduct and returns id
00:08 +140: D:/Teepakorn-54850/non-work/promsell-pos-ce/test/features/product/domain/usecases/product_usecases_test.dart: UpdateProduct delegates to repository.updateProduct
00:08 +141: D:/Teepakorn-54850/non-work/promsell-pos-ce/test/features/product/domain/usecases/product_usecases_test.dart: DeleteProduct delegates to repository.deleteProduct
00:08 +142: D:/Teepakorn-54850/non-work/promsell-pos-ce/test/features/product/domain/usecases/product_usecases_test.dart: GetProducts delegates to repository.watchAllProducts
00:08 +143: D:/Teepakorn-54850/non-work/promsell-pos-ce/test/features/product/domain/usecases/product_usecases_test.dart: (tearDownAll)
00:08 +143: D:/Teepakorn-54850/non-work/promsell-pos-ce/test/features/product/presentation/bloc/product_bloc_test.dart: (setUpAll)
00:08 +143: D:/Teepakorn-54850/non-work/promsell-pos-ce/test/features/product/presentation/bloc/product_bloc_test.dart: ProductBloc initial state is ProductState()
00:08 +144: D:/Teepakorn-54850/non-work/promsell-pos-ce/test/features/product/presentation/bloc/product_bloc_test.dart: ProductBloc ProductsSubscribed emits loading then success
00:08 +145: D:/Teepakorn-54850/non-work/promsell-pos-ce/test/features/product/presentation/bloc/product_bloc_test.dart: ProductBloc ProductAdded calls addProduct use case
00:08 +146: D:/Teepakorn-54850/non-work/promsell-pos-ce/test/features/product/presentation/bloc/product_bloc_test.dart: ProductBloc ProductUpdated calls updateProduct use case
00:08 +147: D:/Teepakorn-54850/non-work/promsell-pos-ce/test/features/product/presentation/bloc/product_bloc_test.dart: ProductBloc ProductDeleted calls deleteProduct use case
00:08 +148: D:/Teepakorn-54850/non-work/promsell-pos-ce/test/features/product/presentation/bloc/product_bloc_test.dart: ProductBloc ProductSearchChanged updates searchQuery
00:08 +149: D:/Teepakorn-54850/non-work/promsell-pos-ce/test/features/product/presentation/bloc/product_bloc_test.dart: ProductBloc ProductState.filtered filters by name and category
00:08 +150: D:/Teepakorn-54850/non-work/promsell-pos-ce/test/features/product/presentation/bloc/product_bloc_test.dart: ProductBloc ProductSearchChanged with empty string resets filter (UI-BUG-1 regression)
00:08 +151: D:/Teepakorn-54850/non-work/promsell-pos-ce/test/features/product/presentation/bloc/product_bloc_test.dart: (tearDownAll)
00:09 +151: D:/Teepakorn-54850/non-work/promsell-pos-ce/test/features/product/presentation/pages/product_form_page_test.dart: (setUpAll)
00:09 +151: D:/Teepakorn-54850/non-work/promsell-pos-ce/test/features/product/presentation/pages/product_form_page_test.dart: ProductFormPage (add mode) renders form fields for new product
00:09 +152: D:/Teepakorn-54850/non-work/promsell-pos-ce/test/features/product/presentation/pages/product_form_page_test.dart: ProductFormPage (add mode) renders form fields for new product
00:09 +153: D:/Teepakorn-54850/non-work/promsell-pos-ce/test/features/product/presentation/pages/product_form_page_test.dart: ProductFormPage (add mode) renders form fields for new product
00:09 +154: D:/Teepakorn-54850/non-work/promsell-pos-ce/test/features/product/presentation/pages/product_form_page_test.dart: ProductFormPage (add mode) renders form fields for new product
00:09 +155: D:/Teepakorn-54850/non-work/promsell-pos-ce/test/features/product/presentation/pages/product_form_page_test.dart: ProductFormPage (add mode) renders form fields for new product
00:09 +155 -1: D:/Teepakorn-54850/non-work/promsell-pos-ce/test/features/product/presentation/pages/product_form_page_test.dart: ProductFormPage (add mode) renders form fields for new product
00:09 +155 -1: D:/Teepakorn-54850/non-work/promsell-pos-ce/test/features/report/domain/extensions/report_calculator_test.dart: ReportCalculator byPaymentMethod groups by normalized method and sums amounts [E]
  Expected: <300.0>
    Actual: <null>
  
  package:matcher                                                          expect
  package:flutter_test/src/widget_tester.dart 473:18                       expect
  test\features\report\domain\extensions\report_calculator_test.dart 38:9  main.<fn>.<fn>.<fn>
  
00:09 +156 -1: D:/Teepakorn-54850/non-work/promsell-pos-ce/test/features/product/presentation/pages/product_form_page_test.dart: ProductFormPage (add mode) renders form fields for new product
00:09 +156 -2: D:/Teepakorn-54850/non-work/promsell-pos-ce/test/features/product/presentation/pages/product_form_page_test.dart: ProductFormPage (add mode) renders form fields for new product
00:09 +156 -2: D:/Teepakorn-54850/non-work/promsell-pos-ce/test/features/report/domain/extensions/report_calculator_test.dart: ReportCalculator topProducts aggregates qty by product name and limits to 5 [E]
  Expected: <2>
    Actual: <4>
  
  package:matcher                                                          expect
  package:flutter_test/src/widget_tester.dart 473:18                       expect
  test\features\report\domain\extensions\report_calculator_test.dart 50:9  main.<fn>.<fn>.<fn>
  
00:09 +157 -2: D:/Teepakorn-54850/non-work/promsell-pos-ce/test/features/product/presentation/pages/product_form_page_test.dart: ProductFormPage (add mode) renders form fields for new product
00:09 +158 -2: D:/Teepakorn-54850/non-work/promsell-pos-ce/test/features/product/presentation/pages/product_list_page_test.dart: ProductListPage shows loading indicator when status is loading
00:10 +159 -2: D:/Teepakorn-54850/non-work/promsell-pos-ce/test/features/product/presentation/pages/product_list_page_test.dart: ProductListPage shows loading indicator when status is loading
00:10 +160 -2: D:/Teepakorn-54850/non-work/promsell-pos-ce/test/features/product/presentation/pages/product_list_page_test.dart: ProductListPage shows loading indicator when status is loading
00:10 +161 -2: D:/Teepakorn-54850/non-work/promsell-pos-ce/test/features/product/presentation/widgets/product_category_autocomplete_test.dart: ProductCategoryAutocomplete renders text field
00:10 +162 -2: D:/Teepakorn-54850/non-work/promsell-pos-ce/test/features/product/presentation/widgets/product_category_autocomplete_test.dart: ProductCategoryAutocomplete renders text field
00:10 +163 -2: D:/Teepakorn-54850/non-work/promsell-pos-ce/test/features/product/presentation/pages/product_list_page_test.dart: ProductListPage shows product list when loaded
00:10 +164 -2: D:/Teepakorn-54850/non-work/promsell-pos-ce/test/features/product/presentation/pages/product_list_page_test.dart: ProductListPage shows product list when loaded
00:10 +165 -2: D:/Teepakorn-54850/non-work/promsell-pos-ce/test/features/product/presentation/pages/product_form_page_test.dart: ProductFormPage (add mode) dispatches ProductAdded on valid submit
00:10 +166 -2: D:/Teepakorn-54850/non-work/promsell-pos-ce/test/features/product/presentation/pages/product_form_page_test.dart: ProductFormPage (add mode) dispatches ProductAdded on valid submit
00:10 +166 -2: D:/Teepakorn-54850/non-work/promsell-pos-ce/test/features/report/presentation/cubit/report_cubit_test.dart: ReportCubit load emits [loading, failure] on error
ReportCubit.load failed: Exception: db error
00:10 +167 -2: D:/Teepakorn-54850/non-work/promsell-pos-ce/test/features/product/presentation/pages/product_form_page_test.dart: ProductFormPage (add mode) dispatches ProductAdded on valid submit
00:10 +168 -2: D:/Teepakorn-54850/non-work/promsell-pos-ce/test/features/product/presentation/pages/product_form_page_test.dart: ProductFormPage (add mode) dispatches ProductAdded on valid submit
00:10 +169 -2: D:/Teepakorn-54850/non-work/promsell-pos-ce/test/features/product/presentation/pages/product_form_page_test.dart: ProductFormPage (add mode) dispatches ProductAdded on valid submit
00:10 +170 -2: D:/Teepakorn-54850/non-work/promsell-pos-ce/test/features/product/presentation/widgets/product_category_autocomplete_test.dart: ProductCategoryAutocomplete shows suggestions when typing
00:10 +171 -2: D:/Teepakorn-54850/non-work/promsell-pos-ce/test/features/product/presentation/pages/product_list_page_test.dart: ProductListPage shows error state
00:10 +172 -2: D:/Teepakorn-54850/non-work/promsell-pos-ce/test/features/product/presentation/pages/product_form_page_test.dart: ProductFormPage (edit mode) pre-fills fields with existing product
00:10 +173 -2: D:/Teepakorn-54850/non-work/promsell-pos-ce/test/features/sale/data/datasources/sale_local_datasource_test.dart: SaleLocalDatasourceImpl insertSaleWithItems creates sale with items and deducts stock
00:10 +174 -2: D:/Teepakorn-54850/non-work/promsell-pos-ce/test/features/product/presentation/pages/product_form_page_test.dart: ProductFormPage (edit mode) dispatches ProductUpdated on edit submit
00:10 +175 -2: D:/Teepakorn-54850/non-work/promsell-pos-ce/test/features/sale/data/datasources/sale_local_datasource_test.dart: SaleLocalDatasourceImpl querySales returns sales within date range
00:10 +176 -2: D:/Teepakorn-54850/non-work/promsell-pos-ce/test/features/product/presentation/pages/product_form_page_test.dart: UI-BUG-11 regression: stock=0 warning shows stock zero warning when stock field is 0
00:10 +177 -2: D:/Teepakorn-54850/non-work/promsell-pos-ce/test/features/product/presentation/pages/product_form_page_test.dart: UI-BUG-11 regression: stock=0 warning shows stock zero warning when stock field is 0
00:10 +178 -2: D:/Teepakorn-54850/non-work/promsell-pos-ce/test/features/product/presentation/pages/product_form_page_test.dart: UI-BUG-11 regression: stock=0 warning shows stock zero warning when stock field is 0
00:10 +179 -2: D:/Teepakorn-54850/non-work/promsell-pos-ce/test/features/product/presentation/pages/product_form_page_test.dart: UI-BUG-11 regression: stock=0 warning shows stock zero warning when stock field is 0
00:10 +180 -2: D:/Teepakorn-54850/non-work/promsell-pos-ce/test/features/product/presentation/pages/product_form_page_test.dart: UI-BUG-11 regression: stock=0 warning shows stock zero warning when stock field is 0
00:10 +181 -2: D:/Teepakorn-54850/non-work/promsell-pos-ce/test/features/product/presentation/pages/product_form_page_test.dart: UI-BUG-11 regression: stock=0 warning shows stock zero warning when stock field is 0
00:10 +182 -2: D:/Teepakorn-54850/non-work/promsell-pos-ce/test/features/sale/data/datasources/sale_local_datasource_test.dart: SaleLocalDatasourceImpl insertSaleWithItems with EXCLUSIVE VAT stores total with VAT
00:10 +183 -2: D:/Teepakorn-54850/non-work/promsell-pos-ce/test/features/sale/data/repositories/sale_repository_impl_test.dart: (setUpAll)
00:11 +183 -2: D:/Teepakorn-54850/non-work/promsell-pos-ce/test/features/product/presentation/pages/product_form_page_test.dart: UI-BUG-11 regression: stock=0 warning no warning when stock > 0
00:11 +184 -2: D:/Teepakorn-54850/non-work/promsell-pos-ce/test/features/product/presentation/pages/product_form_page_test.dart: UI-BUG-11 regression: stock=0 warning no warning when stock > 0
00:11 +185 -2: D:/Teepakorn-54850/non-work/promsell-pos-ce/test/features/product/presentation/pages/product_form_page_test.dart: UI-BUG-11 regression: stock=0 warning no warning when stock > 0
00:11 +186 -2: D:/Teepakorn-54850/non-work/promsell-pos-ce/test/features/product/presentation/pages/product_form_page_test.dart: UI-BUG-11 regression: stock=0 warning no warning when stock > 0
00:11 +187 -2: D:/Teepakorn-54850/non-work/promsell-pos-ce/test/features/product/presentation/pages/product_form_page_test.dart: UI-BUG-11 regression: stock=0 warning no warning when stock > 0
00:11 +188 -2: D:/Teepakorn-54850/non-work/promsell-pos-ce/test/features/product/presentation/pages/product_form_page_test.dart: UI-BUG-11 regression: stock=0 warning no warning when stock > 0
00:11 +189 -2: D:/Teepakorn-54850/non-work/promsell-pos-ce/test/features/product/presentation/pages/product_form_page_test.dart: (tearDownAll)
00:11 +189 -2: D:/Teepakorn-54850/non-work/promsell-pos-ce/test/features/sale/data/services/receipt_number_service_test.dart: first call generates receipt with sequence 0001
00:11 +190 -2: D:/Teepakorn-54850/non-work/promsell-pos-ce/test/features/sale/data/services/receipt_number_service_test.dart: second call on same day increments sequence
00:11 +191 -2: D:/Teepakorn-54850/non-work/promsell-pos-ce/test/features/sale/data/services/receipt_number_service_test.dart: uses consistent device prefix across calls
00:11 +192 -2: D:/Teepakorn-54850/non-work/promsell-pos-ce/test/features/sale/data/services/receipt_number_service_test.dart: format matches YYMMDD-XX-NNNN
00:11 +193 -2: D:/Teepakorn-54850/non-work/promsell-pos-ce/test/features/sale/data/services/receipt_number_service_test.dart: sequence resets after date change
00:11 +194 -2: D:/Teepakorn-54850/non-work/promsell-pos-ce/test/features/sale/data/services/receipt_number_service_test.dart: 100 sequential calls produce unique receipt numbers
00:11 +195 -2: D:/Teepakorn-54850/non-work/promsell-pos-ce/test/features/sale/data/services/receipt_number_service_test.dart: 100 sequential calls produce unique receipt numbers
00:11 +196 -2: D:/Teepakorn-54850/non-work/promsell-pos-ce/test/features/sale/data/services/receipt_number_service_test.dart: 100 sequential calls produce unique receipt numbers
00:11 +197 -2: D:/Teepakorn-54850/non-work/promsell-pos-ce/test/features/sale/data/services/receipt_number_service_test.dart: 100 sequential calls produce unique receipt numbers
00:11 +198 -2: D:/Teepakorn-54850/non-work/promsell-pos-ce/test/features/sale/data/services/receipt_number_service_test.dart: 100 sequential calls produce unique receipt numbers
00:11 +199 -2: D:/Teepakorn-54850/non-work/promsell-pos-ce/test/features/sale/data/services/receipt_number_service_test.dart: 100 sequential calls produce unique receipt numbers
00:11 +200 -2: D:/Teepakorn-54850/non-work/promsell-pos-ce/test/features/sale/data/services/receipt_number_service_test.dart: 100 sequential calls produce unique receipt numbers
00:11 +201 -2: D:/Teepakorn-54850/non-work/promsell-pos-ce/test/features/sale/data/services/receipt_number_service_test.dart: 100 sequential calls produce unique receipt numbers
00:11 +202 -2: D:/Teepakorn-54850/non-work/promsell-pos-ce/test/features/sale/data/services/receipt_number_service_test.dart: 100 sequential calls produce unique receipt numbers
00:11 +203 -2: D:/Teepakorn-54850/non-work/promsell-pos-ce/test/features/sale/data/services/receipt_number_service_test.dart: 100 sequential calls produce unique receipt numbers
00:11 +204 -2: D:/Teepakorn-54850/non-work/promsell-pos-ce/test/features/sale/domain/entities/cart_item_discount_test.dart: SaleState cart discount AMOUNT 50 baht cart discount on 200 baht
00:11 +205 -2: D:/Teepakorn-54850/non-work/promsell-pos-ce/test/features/sale/domain/entities/cart_item_test.dart: CartItem supports value equality
00:11 +206 -2: D:/Teepakorn-54850/non-work/promsell-pos-ce/test/features/sale/domain/entities/cart_item_test.dart: CartItem subtotal is price * qty rounded to 2 decimals
00:11 +207 -2: D:/Teepakorn-54850/non-work/promsell-pos-ce/test/features/sale/domain/entities/cart_item_test.dart: CartItem subtotal with fractional prices
00:11 +208 -2: D:/Teepakorn-54850/non-work/promsell-pos-ce/test/features/sale/domain/entities/cart_item_test.dart: CartItem copyWith updates qty
00:11 +209 -2: D:/Teepakorn-54850/non-work/promsell-pos-ce/test/features/sale/domain/entities/cart_item_test.dart: CartItem copyWith updates product
00:11 +210 -2: D:/Teepakorn-54850/non-work/promsell-pos-ce/test/features/sale/domain/entities/cart_item_test.dart: CartItem props contains product and qty
00:11 +211 -2: D:/Teepakorn-54850/non-work/promsell-pos-ce/test/features/sale/domain/entities/sale_test.dart: SaleItem supports value equality
00:12 +212 -2: D:/Teepakorn-54850/non-work/promsell-pos-ce/test/features/sale/domain/entities/sale_test.dart: SaleItem props contains all fields
00:12 +213 -2: D:/Teepakorn-54850/non-work/promsell-pos-ce/test/features/sale/domain/entities/sale_test.dart: Sale supports value equality
00:12 +214 -2: D:/Teepakorn-54850/non-work/promsell-pos-ce/test/features/sale/domain/entities/sale_test.dart: Sale default items is empty list
00:12 +215 -2: D:/Teepakorn-54850/non-work/promsell-pos-ce/test/features/sale/domain/entities/sale_test.dart: Sale props contains all fields
00:12 +216 -2: D:/Teepakorn-54850/non-work/promsell-pos-ce/test/features/sale/domain/usecases/create_sale_test.dart: (setUpAll)
00:12 +216 -2: D:/Teepakorn-54850/non-work/promsell-pos-ce/test/features/sale/domain/usecases/create_sale_test.dart: delegates to repository.createSale
00:12 +217 -2: D:/Teepakorn-54850/non-work/promsell-pos-ce/test/features/sale/domain/usecases/create_sale_test.dart: (tearDownAll)
00:12 +217 -2: D:/Teepakorn-54850/non-work/promsell-pos-ce/test/features/sale/presentation/bloc/sale_bloc_discount_test.dart: (setUpAll)
00:12 +217 -2: D:/Teepakorn-54850/non-work/promsell-pos-ce/test/features/sale/presentation/bloc/sale_bloc_discount_test.dart: SaleBloc — item discount SaleItemDiscountChanged updates item discount
00:12 +218 -2: D:/Teepakorn-54850/non-work/promsell-pos-ce/test/features/sale/presentation/bloc/sale_bloc_discount_test.dart: SaleBloc — item discount SaleItemDiscountCleared removes item discount
00:12 +219 -2: D:/Teepakorn-54850/non-work/promsell-pos-ce/test/features/sale/presentation/bloc/sale_bloc_discount_test.dart: SaleBloc — cart discount SaleCartDiscountChanged sets cart discount
00:12 +220 -2: D:/Teepakorn-54850/non-work/promsell-pos-ce/test/features/sale/presentation/bloc/sale_bloc_discount_test.dart: SaleBloc — cart discount SaleCartDiscountCleared removes cart discount
00:12 +221 -2: D:/Teepakorn-54850/non-work/promsell-pos-ce/test/features/sale/presentation/bloc/sale_bloc_discount_test.dart: SaleBloc — cart discount SaleState.total = itemsSubtotal - cartDiscountAmount
00:12 +222 -2: D:/Teepakorn-54850/non-work/promsell-pos-ce/test/features/sale/presentation/bloc/sale_bloc_discount_test.dart: SaleBloc — cart discount SaleState.hasCartDiscount is true when cart discount set
00:12 +223 -2: D:/Teepakorn-54850/non-work/promsell-pos-ce/test/features/sale/presentation/bloc/sale_bloc_discount_test.dart: SaleBloc — cart discount SaleState.hasCartDiscount is false when no discount
00:12 +224 -2: D:/Teepakorn-54850/non-work/promsell-pos-ce/test/features/sale/presentation/bloc/sale_bloc_discount_test.dart: SaleBloc — trackStock + allowOversell trackStock=false: isInStock is true regardless of stock
00:12 +225 -2: D:/Teepakorn-54850/non-work/promsell-pos-ce/test/features/sale/presentation/bloc/sale_bloc_discount_test.dart: SaleBloc — trackStock + allowOversell allowOversell=false: cannot add beyond stock
00:12 +226 -2: D:/Teepakorn-54850/non-work/promsell-pos-ce/test/features/sale/presentation/bloc/sale_bloc_discount_test.dart: SaleBloc — trackStock + allowOversell allowOversell=true: can add beyond stock
00:12 +227 -2: D:/Teepakorn-54850/non-work/promsell-pos-ce/test/features/sale/presentation/bloc/sale_bloc_discount_test.dart: SaleBloc — trackStock + allowOversell trackStock=false: can always add regardless of stock=0
00:12 +228 -2: D:/Teepakorn-54850/non-work/promsell-pos-ce/test/features/sale/presentation/bloc/sale_bloc_discount_test.dart: (tearDownAll)
00:12 +228 -2: D:/Teepakorn-54850/non-work/promsell-pos-ce/test/features/sale/presentation/bloc/sale_bloc_test.dart: (setUpAll)
00:12 +228 -2: D:/Teepakorn-54850/non-work/promsell-pos-ce/test/features/sale/presentation/bloc/sale_bloc_test.dart: SaleBloc initial state is SaleState()
00:12 +229 -2: D:/Teepakorn-54850/non-work/promsell-pos-ce/test/features/sale/presentation/bloc/sale_bloc_test.dart: SaleBloc SaleProductAdded adds product to cart
00:12 +230 -2: D:/Teepakorn-54850/non-work/promsell-pos-ce/test/features/sale/presentation/bloc/sale_bloc_test.dart: SaleBloc SaleProductAdded increments qty for existing product
00:12 +231 -2: D:/Teepakorn-54850/non-work/promsell-pos-ce/test/features/sale/presentation/bloc/sale_bloc_test.dart: SaleBloc SaleProductRemoved removes product from cart
00:12 +232 -2: D:/Teepakorn-54850/non-work/promsell-pos-ce/test/features/sale/presentation/bloc/sale_bloc_test.dart: SaleBloc SaleItemQtyChanged updates qty
00:12 +233 -2: D:/Teepakorn-54850/non-work/promsell-pos-ce/test/features/sale/presentation/bloc/sale_bloc_test.dart: SaleBloc SaleCartCleared resets state
00:12 +234 -2: D:/Teepakorn-54850/non-work/promsell-pos-ce/test/features/sale/presentation/bloc/sale_bloc_test.dart: SaleBloc SaleNoteChanged updates note
00:12 +235 -2: D:/Teepakorn-54850/non-work/promsell-pos-ce/test/features/sale/presentation/bloc/sale_bloc_test.dart: SaleBloc SaleConfirmed emits processing then success
00:12 +236 -2: D:/Teepakorn-54850/non-work/promsell-pos-ce/test/features/sale/presentation/bloc/sale_bloc_test.dart: SaleBloc SaleConfirmed emits failure on error
00:12 +237 -2: D:/Teepakorn-54850/non-work/promsell-pos-ce/test/features/sale/presentation/bloc/sale_bloc_test.dart: SaleBloc SaleConfirmed does nothing when cart is empty
00:12 +238 -2: D:/Teepakorn-54850/non-work/promsell-pos-ce/test/features/sale/presentation/bloc/sale_bloc_test.dart: SaleBloc SaleReset clears items, note, and discount but preserves draft identity
00:12 +239 -2: D:/Teepakorn-54850/non-work/promsell-pos-ce/test/features/sale/presentation/bloc/sale_bloc_test.dart: SaleBloc SaleDraftSwitched restores cart discount
00:12 +240 -2: D:/Teepakorn-54850/non-work/promsell-pos-ce/test/features/sale/presentation/bloc/sale_bloc_test.dart: SaleBloc SaleDraftInitialized restores cart discount from existing draft
00:12 +241 -2: D:/Teepakorn-54850/non-work/promsell-pos-ce/test/features/sale/presentation/bloc/sale_bloc_test.dart: SaleBloc SaleBulkItemsRemoved removes multiple items from cart
00:12 +242 -2: D:/Teepakorn-54850/non-work/promsell-pos-ce/test/features/sale/presentation/bloc/sale_bloc_test.dart: SaleBloc SaleBulkItemDiscountsCleared clears discounts on specified items
00:12 +243 -2: D:/Teepakorn-54850/non-work/promsell-pos-ce/test/features/sale/presentation/bloc/sale_bloc_test.dart: SaleBloc SaleCartItemsReordered reorders items
00:12 +244 -2: D:/Teepakorn-54850/non-work/promsell-pos-ce/test/features/sale/presentation/bloc/sale_bloc_test.dart: (tearDownAll)
00:13 +244 -2: D:/Teepakorn-54850/non-work/promsell-pos-ce/test/features/sale/presentation/pages/cart_review_page_test.dart: CartReviewPage renders empty cart state
00:13 +245 -2: D:/Teepakorn-54850/non-work/promsell-pos-ce/test/features/sale/presentation/pages/checkout_page_test.dart: CheckoutPage renders with cart action button
00:13 +246 -2: D:/Teepakorn-54850/non-work/promsell-pos-ce/test/features/sale/presentation/pages/checkout_page_test.dart: CheckoutPage renders with cart action button
00:14 +247 -2: D:/Teepakorn-54850/non-work/promsell-pos-ce/test/features/sale/presentation/pages/checkout_page_test.dart: CheckoutPage renders with cart action button
00:14 +248 -2: D:/Teepakorn-54850/non-work/promsell-pos-ce/test/features/sale/presentation/pages/checkout_page_test.dart: CheckoutPage renders with cart action button
00:14 +249 -2: D:/Teepakorn-54850/non-work/promsell-pos-ce/test/features/sale/presentation/pages/checkout_page_test.dart: CheckoutPage renders with cart action button
00:14 +250 -2: D:/Teepakorn-54850/non-work/promsell-pos-ce/test/features/sale/presentation/pages/payment_sheet_test.dart: PaymentSheet renders with cart total
00:14 +251 -2: D:/Teepakorn-54850/non-work/promsell-pos-ce/test/features/sale/presentation/pages/payment_sheet_test.dart: PaymentSheet renders with cart total
00:14 +252 -2: D:/Teepakorn-54850/non-work/promsell-pos-ce/test/features/sale/presentation/pages/sale_page_test.dart: SalePage landscape layout uses expanded layout in landscape with width >= 600
00:15 +253 -2: D:/Teepakorn-54850/non-work/promsell-pos-ce/test/features/sale/presentation/pages/sale_page_test.dart: SalePage landscape layout uses expanded layout in landscape with width >= 600
00:15 +254 -2: D:/Teepakorn-54850/non-work/promsell-pos-ce/test/features/sale/presentation/pages/sale_page_test.dart: SalePage landscape layout uses expanded layout in landscape with width >= 600
00:15 +255 -2: D:/Teepakorn-54850/non-work/promsell-pos-ce/test/features/sale/presentation/widgets/cart_dotted_line_row_test.dart: CartDottedLineRow renders label text
00:15 +256 -2: D:/Teepakorn-54850/non-work/promsell-pos-ce/test/features/sale/presentation/widgets/cart_dotted_line_row_test.dart: CartDottedLineRow renders label text
00:15 +257 -2: D:/Teepakorn-54850/non-work/promsell-pos-ce/test/features/sale/presentation/widgets/cart_dotted_line_row_test.dart: CartDottedLineRow renders label text
00:15 +258 -2: D:/Teepakorn-54850/non-work/promsell-pos-ce/test/features/sale/presentation/widgets/cart_dotted_line_row_test.dart: CartDottedLineRow renders label text
00:15 +259 -2: D:/Teepakorn-54850/non-work/promsell-pos-ce/test/features/sale/presentation/widgets/cart_dotted_line_row_test.dart: CartDottedLineRow renders label text
00:15 +260 -2: D:/Teepakorn-54850/non-work/promsell-pos-ce/test/features/sale/presentation/widgets/cart_item_card_test.dart: CartItemCard renders product name
00:15 +261 -2: D:/Teepakorn-54850/non-work/promsell-pos-ce/test/features/sale/presentation/widgets/cart_item_card_test.dart: CartItemCard renders product name
00:15 +262 -2: D:/Teepakorn-54850/non-work/promsell-pos-ce/test/features/sale/presentation/widgets/cart_item_card_test.dart: CartItemCard renders product name
00:15 +263 -2: D:/Teepakorn-54850/non-work/promsell-pos-ce/test/features/sale/presentation/widgets/cart_item_card_test.dart: CartItemCard renders product name
00:15 +264 -2: D:/Teepakorn-54850/non-work/promsell-pos-ce/test/features/sale/presentation/widgets/cart_qty_button_test.dart: CartQtyButton calls onPressed when tapped
00:15 +265 -2: D:/Teepakorn-54850/non-work/promsell-pos-ce/test/features/sale/presentation/widgets/cart_qty_button_test.dart: CartQtyButton calls onPressed when tapped
00:16 +266 -2: D:/Teepakorn-54850/non-work/promsell-pos-ce/test/features/sale/presentation/widgets/cart_qty_button_test.dart: CartQtyButton calls onPressed when tapped
00:16 +267 -2: D:/Teepakorn-54850/non-work/promsell-pos-ce/test/features/sale/presentation/widgets/cart_qty_button_test.dart: CartQtyButton calls onPressed when tapped
00:16 +268 -2: D:/Teepakorn-54850/non-work/promsell-pos-ce/test/features/sale/presentation/widgets/cart_qty_button_test.dart: CartQtyButton calls onPressed when tapped
00:16 +269 -2: D:/Teepakorn-54850/non-work/promsell-pos-ce/test/features/sale/presentation/widgets/cart_qty_button_test.dart: CartQtyButton calls onPressed when tapped
00:16 +270 -2: D:/Teepakorn-54850/non-work/promsell-pos-ce/test/features/settings/data/datasources/settings_local_datasource_test.dart: getInt / setInt writes and reads an int
00:16 +271 -2: D:/Teepakorn-54850/non-work/promsell-pos-ce/test/features/sale/presentation/widgets/cart_qty_button_test.dart: CartQtyButton renders icon
00:16 +272 -2: D:/Teepakorn-54850/non-work/promsell-pos-ce/test/features/sale/presentation/widgets/cart_qty_button_test.dart: CartQtyButton renders icon
00:16 +273 -2: D:/Teepakorn-54850/non-work/promsell-pos-ce/test/features/sale/presentation/widgets/cart_qty_button_test.dart: CartQtyButton renders icon
00:16 +274 -2: D:/Teepakorn-54850/non-work/promsell-pos-ce/test/features/sale/presentation/widgets/cart_qty_button_test.dart: CartQtyButton renders icon
00:16 +275 -2: D:/Teepakorn-54850/non-work/promsell-pos-ce/test/features/settings/data/datasources/settings_local_datasource_test.dart: getBool / setBool writes false and reads it
00:16 +276 -2: D:/Teepakorn-54850/non-work/promsell-pos-ce/test/features/settings/data/datasources/settings_local_datasource_test.dart: getDouble / setDouble returns null for missing key
00:16 +277 -2: D:/Teepakorn-54850/non-work/promsell-pos-ce/test/features/settings/data/datasources/settings_local_datasource_test.dart: getDouble / setDouble writes and reads a double
00:16 +278 -2: D:/Teepakorn-54850/non-work/promsell-pos-ce/test/features/settings/data/datasources/settings_local_datasource_test.dart: getAll returns seeded defaults
00:16 +279 -2: D:/Teepakorn-54850/non-work/promsell-pos-ce/test/features/settings/data/repositories/settings_repository_impl_test.dart: SettingsRepositoryImpl load returns defaults when datasource is empty
00:16 +280 -2: D:/Teepakorn-54850/non-work/promsell-pos-ce/test/features/settings/data/repositories/settings_repository_impl_test.dart: SettingsRepositoryImpl load returns defaults when datasource is empty
00:16 +281 -2: D:/Teepakorn-54850/non-work/promsell-pos-ce/test/features/settings/data/repositories/settings_repository_impl_test.dart: SettingsRepositoryImpl load returns saved values from datasource
00:16 +282 -2: D:/Teepakorn-54850/non-work/promsell-pos-ce/test/features/settings/data/repositories/settings_repository_impl_test.dart: SettingsRepositoryImpl save persists all settings to datasource
00:16 +283 -2: D:/Teepakorn-54850/non-work/promsell-pos-ce/test/features/settings/data/repositories/settings_repository_impl_test.dart: SettingsRepositoryImpl load handles invalid theme string gracefully
00:16 +284 -2: D:/Teepakorn-54850/non-work/promsell-pos-ce/test/features/settings/domain/entities/app_settings_test.dart: AppSettings has correct defaults
00:16 +285 -2: D:/Teepakorn-54850/non-work/promsell-pos-ce/test/features/settings/domain/entities/app_settings_test.dart: AppSettings supports value equality
00:16 +286 -2: D:/Teepakorn-54850/non-work/promsell-pos-ce/test/features/settings/domain/entities/app_settings_test.dart: AppSettings copyWith updates selected fields
00:16 +287 -2: D:/Teepakorn-54850/non-work/promsell-pos-ce/test/features/settings/domain/entities/app_settings_test.dart: AppSettings props contains aggregate Settings
00:16 +288 -2: D:/Teepakorn-54850/non-work/promsell-pos-ce/test/features/settings/presentation/cubit/settings_cubit_test.dart: (setUpAll)
00:16 +288 -2: D:/Teepakorn-54850/non-work/promsell-pos-ce/test/features/settings/presentation/cubit/settings_cubit_test.dart: SettingsCubit initial state is SettingsState()
00:16 +289 -2: D:/Teepakorn-54850/non-work/promsell-pos-ce/test/features/settings/presentation/cubit/settings_cubit_test.dart: SettingsCubit load emits loading then loaded
00:16 +290 -2: D:/Teepakorn-54850/non-work/promsell-pos-ce/test/features/settings/presentation/cubit/settings_cubit_test.dart: SettingsCubit load emits failure on error
SettingsCubit.load failed: Exception: fail
00:16 +291 -2: D:/Teepakorn-54850/non-work/promsell-pos-ce/test/features/settings/presentation/cubit/settings_cubit_test.dart: SettingsCubit update emits saving then saved
00:16 +292 -2: D:/Teepakorn-54850/non-work/promsell-pos-ce/test/features/settings/presentation/cubit/settings_cubit_test.dart: SettingsCubit update emits failure and restores previous settings on error
00:16 +293 -2: D:/Teepakorn-54850/non-work/promsell-pos-ce/test/features/settings/presentation/cubit/settings_cubit_test.dart: (tearDownAll)
00:16 +293 -2: D:/Teepakorn-54850/non-work/promsell-pos-ce/test/features/settings/presentation/pages/settings_page_test.dart: (setUpAll)
00:16 +293 -2: D:/Teepakorn-54850/non-work/promsell-pos-ce/test/features/settings/presentation/pages/settings_page_test.dart: SettingsPage renders category list
00:17 +294 -2: D:/Teepakorn-54850/non-work/promsell-pos-ce/test/features/settings/presentation/pages/settings_page_test.dart: SettingsPage renders category list
00:17 +295 -2: D:/Teepakorn-54850/non-work/promsell-pos-ce/test/features/settings/presentation/widgets/backup_status_card_test.dart: BackupStatusCard renders with last backup
00:17 +296 -2: D:/Teepakorn-54850/non-work/promsell-pos-ce/test/features/settings/presentation/widgets/backup_status_card_test.dart: BackupStatusCard renders with last backup
00:17 +297 -2: D:/Teepakorn-54850/non-work/promsell-pos-ce/test/features/settings/presentation/widgets/backup_status_card_test.dart: BackupStatusCard renders with last backup
00:18 +298 -2: D:/Teepakorn-54850/non-work/promsell-pos-ce/test/features/settings/presentation/widgets/demo_image_preview_test.dart: DemoImagePreview renders with width and quality
00:18 +299 -2: D:/Teepakorn-54850/non-work/promsell-pos-ce/test/features/settings/presentation/widgets/demo_image_preview_test.dart: DemoImagePreview renders with width and quality
00:18 +300 -2: D:/Teepakorn-54850/non-work/promsell-pos-ce/test/features/settings/presentation/widgets/demo_image_preview_test.dart: DemoImagePreview renders with width and quality
00:18 +301 -2: D:/Teepakorn-54850/non-work/promsell-pos-ce/test/features/settings/presentation/widgets/demo_image_preview_test.dart: DemoImagePreview renders with width and quality
00:18 +302 -2: D:/Teepakorn-54850/non-work/promsell-pos-ce/test/features/settings/presentation/widgets/demo_image_preview_test.dart: DemoImagePreview renders with width and quality
00:18 +303 -2: D:/Teepakorn-54850/non-work/promsell-pos-ce/test/features/settings/presentation/widgets/demo_image_preview_test.dart: DemoImagePreview renders with width and quality
00:18 +304 -2: D:/Teepakorn-54850/non-work/promsell-pos-ce/test/features/settings/presentation/widgets/demo_image_preview_test.dart: DemoImagePreview renders with width and quality
00:18 +305 -2: D:/Teepakorn-54850/non-work/promsell-pos-ce/test/features/settings/presentation/widgets/demo_image_preview_test.dart: DemoImagePreview renders with width and quality
00:18 +306 -2: D:/Teepakorn-54850/non-work/promsell-pos-ce/test/features/settings/presentation/widgets/demo_image_preview_test.dart: DemoImagePreview renders with width and quality
00:18 +307 -2: D:/Teepakorn-54850/non-work/promsell-pos-ce/test/features/settings/presentation/widgets/demo_image_preview_test.dart: DemoImagePreview renders with width and quality
00:18 +308 -2: D:/Teepakorn-54850/non-work/promsell-pos-ce/test/features/settings/presentation/widgets/demo_image_preview_test.dart: DemoImagePreview renders with width and quality
00:18 +309 -2: D:/Teepakorn-54850/non-work/promsell-pos-ce/test/features/settings/presentation/widgets/demo_image_preview_test.dart: DemoImagePreview renders with width and quality
00:18 +310 -2: D:/Teepakorn-54850/non-work/promsell-pos-ce/test/features/settings/presentation/widgets/image_preview_card_test.dart: ImagePreviewCard renders with given width and quality
00:18 +311 -2: D:/Teepakorn-54850/non-work/promsell-pos-ce/test/features/settings/presentation/widgets/promptpay_info_card_test.dart: PromptpayInfoCard renders info card
00:19 +312 -2: D:/Teepakorn-54850/non-work/promsell-pos-ce/test/features/settings/presentation/widgets/promptpay_preview_card_test.dart: PromptpayPreviewCard shows configured state when has ID
00:19 +313 -2: D:/Teepakorn-54850/non-work/promsell-pos-ce/test/features/settings/presentation/widgets/promptpay_preview_card_test.dart: PromptpayPreviewCard shows configured state when has ID
00:19 +314 -2: D:/Teepakorn-54850/non-work/promsell-pos-ce/test/features/settings/presentation/widgets/promptpay_preview_card_test.dart: PromptpayPreviewCard shows configured state when has ID
00:19 +315 -2: D:/Teepakorn-54850/non-work/promsell-pos-ce/test/features/settings/presentation/widgets/promptpay_preview_card_test.dart: PromptpayPreviewCard shows configured state when has ID
00:19 +316 -2: D:/Teepakorn-54850/non-work/promsell-pos-ce/test/integration/sale_integrity_test.dart: Sale creates receipt number + inventory log receipt number is set on sale
00:19 +317 -2: D:/Teepakorn-54850/non-work/promsell-pos-ce/test/features/settings/presentation/widgets/promptpay_preview_card_test.dart: PromptpayPreviewCard shows not configured state when empty
00:19 +318 -2: D:/Teepakorn-54850/non-work/promsell-pos-ce/test/features/settings/presentation/widgets/promptpay_preview_card_test.dart: PromptpayPreviewCard shows not configured state when empty
00:19 +319 -2: D:/Teepakorn-54850/non-work/promsell-pos-ce/test/integration/sale_integrity_test.dart: Void sale restores stock + creates VOID_REVERSAL log
00:19 +320 -2: D:/Teepakorn-54850/non-work/promsell-pos-ce/test/l10n/l10n_parity_test.dart: L10n parity supported locales include en and th
00:19 +321 -2: D:/Teepakorn-54850/non-work/promsell-pos-ce/test/integration/sale_integrity_test.dart: Void sale void already voided sale throws
00:19 +322 -2: D:/Teepakorn-54850/non-work/promsell-pos-ce/test/integration/sale_integrity_test.dart: Void sale void already voided sale throws
00:19 +323 -2: D:/Teepakorn-54850/non-work/promsell-pos-ce/test/integration/sale_integrity_test.dart: Void sale void already voided sale throws
00:19 +324 -2: D:/Teepakorn-54850/non-work/promsell-pos-ce/test/integration/sale_integrity_test.dart: Void sale void already voided sale throws
00:19 +325 -2: D:/Teepakorn-54850/non-work/promsell-pos-ce/test/integration/sale_integrity_test.dart: Void sale void already voided sale throws
00:19 +326 -2: D:/Teepakorn-54850/non-work/promsell-pos-ce/test/integration/sale_integrity_test.dart: Void sale void already voided sale throws
00:19 +327 -2: D:/Teepakorn-54850/non-work/promsell-pos-ce/test/l10n/l10n_parity_test.dart: L10n parity EN and TH differ for locale-specific keys
00:19 +328 -2: D:/Teepakorn-54850/non-work/promsell-pos-ce/test/integration/sale_integrity_test.dart: Void sale void non-existent sale throws
00:19 +329 -2: D:/Teepakorn-54850/non-work/promsell-pos-ce/test/integration/sale_integrity_test.dart: AdjustStock adds stock and creates ADJUSTMENT_IN log
00:19 +330 -2: D:/Teepakorn-54850/non-work/promsell-pos-ce/test/integration/sale_integrity_test.dart: AdjustStock removes stock and creates ADJUSTMENT_OUT log
00:19 +331 -2: D:/Teepakorn-54850/non-work/promsell-pos-ce/test/integration/sale_integrity_test.dart: AdjustStock throws when result stock would be negative
00:19 +332 -2: D:/Teepakorn-54850/non-work/promsell-pos-ce/test/integration/sale_integrity_test.dart: AdjustStock throws for non-existent product
00:19 +333 -2: D:/Teepakorn-54850/non-work/promsell-pos-ce/test/integration/sale_integrity_test.dart: Full flow: sale → void → adjust combined integrity audit trail
00:19 +334 -2: D:/Teepakorn-54850/non-work/promsell-pos-ce/test/widget_test.dart: sanity check
00:19 +335 -2: Some tests failed.
